PS C:\Users\omovc\git_tutorial\git_tutorial3\git-basic-kadai-1> mkdir git_challenge


    ディレクトリ: C:\Users\omovc\git_tutorial\git_tutorial3\git-basic-kadai-1
Mode                 LastWriteTime         Length Name
----                 -------------         ------ ----
d-----        2024/06/08     18:33                git_challenge

PS C:\Users\omovc\git_tutorial\git_tutorial3\git-basic-kadai-1> cd git_challenge
PS C:\Users\omovc\git_tutorial\git_tutorial3\git-basic-kadai-1\git_challenge> git init
Initialized empty Git repository in C:/Users/omovc/git_tutorial/git_tutorial3/git-basic-kadai-1/git_challenge/.git/
PS C:\Users\omovc\git_tutorial\git_tutorial3\git-basic-kadai-1\git_challenge> git add hello_world.txt
PS C:\Users\omovc\git_tutorial\git_tutorial3\git-basic-kadai-1\git_challenge> git commit -m "hello_world.txt追加"
[main (root-commit) 303bceb] hello_world.txt霑ｽ蜉
 1 file changed, 0 insertions(+), 0 deletions(-)
 create mode 100644 hello_world.txt
PS C:\Users\omovc\git_tutorial\git_tutorial3\git-basic-kadai-1\git_challenge> git add hello_world.txt
PS C:\Users\omovc\git_tutorial\git_tutorial3\git-basic-kadai-1\git_challenge> git commit -m "日本語訳を追加"
[main 4b117bd] 譌･譛ｬ隱櫁ｨｳ繧定ｿｽ蜉
 1 file changed, 3 insertions(+)
 4b117bd (HEAD -> main) 日本語訳を追加
303bceb hello_world.txt追加